[TLDeclaration "get2" (ValThunk (ComLet ("x",0) (ComOperationApply "get" ValUnit) (ComLet ("p",0) (ComOperationApply "print" (ValInjection Inj0 ValUnit)) (ComLet ("y",0) (ComOperationApply "get" ValUnit) (ComReturn (ValPair (ValVariable ("x",0)) (ValVariable ("y",0)))))))),TLDeclaration "handlerRunState" (ValThunk (ComLambda ("comp",0) (ComHandle (ComForce (ValVariable ("comp",0))) [HanValClause ("x",0) (ComLambda ("s",0) (ComReturn (ValPair (ValVariable ("x",0)) (ValVariable ("s",0))))),HanOpClause "get" ("p",0) ("k",0) (ComLambda ("s",0) (ComLambdaApply (ComLambdaApply (ComForce (ValVariable ("k",0))) (ValVariable ("s",0))) (ValVariable ("s",0)))),HanOpClause "put" ("p",0) ("k",0) (ComLambda ("s",0) (ComLambdaApply (ComLambdaApply (ComForce (ValVariable ("k",0))) ValUnit) (ValVariable ("p",0))))]))),TLDeclaration "main" (ValThunk (ComLambdaApply (ComLambdaApply (ComForce (ValVariable ("handlerRunState",0))) (ValVariable ("get2",0))) ValUnit))]